[2026-05-20 13:00:02] === Daily Pipeline 시작 ===
[2026-05-20 13:00:02] [실행] 백테스트 실행 및 watchlist 생성
[2026-05-20 13:00:10] AAPL 백테스트 중...
MSFT 백테스트 중...
STLA 백테스트 중...
C 백테스트 중...
PLTR 백테스트 중...
GM 백테스트 중...
F 백테스트 중...
CVX 백테스트 중...
PRU 백테스트 중...

=== 여러 종목 백테스트 결과 ===


[PLTR]
위험 판정: 통과
최종 자금: $36894.75
총 수익률: 268.95%
거래 횟수: 26
승리: 15
손실: 11
승률: 57.69%
평균 거래 수익률: 6.16%
최대손실 MDD: -28.91%
최대 연속 손실: 3회
연평균 수익률 CAGR: 29.84%
수익 월: 20개월
손실 월: 30개월
----------------------------


[C]
위험 판정: 통과
최종 자금: $14481.14
총 수익률: 44.81%
거래 횟수: 12
승리: 6
손실: 6
승률: 50.00%
평균 거래 수익률: 4.23%
최대손실 MDD: -19.58%
최대 연속 손실: 3회
연평균 수익률 CAGR: 7.69%
수익 월: 17개월
손실 월: 33개월
----------------------------


[AAPL]
위험 판정: 통과
최종 자금: $13150.19
총 수익률: 31.50%
거래 횟수: 14
승리: 6
손실: 8
승률: 42.86%
평균 거래 수익률: 2.47%
최대손실 MDD: -26.98%
최대 연속 손실: 4회
연평균 수익률 CAGR: 5.63%
수익 월: 19개월
손실 월: 31개월
----------------------------


[STLA]
위험 판정: 통과
최종 자금: $13138.92
총 수익률: 31.39%
거래 횟수: 11
승리: 5
손실: 6
승률: 45.45%
평균 거래 수익률: 3.21%
최대손실 MDD: -32.43%
최대 연속 손실: 5회
연평균 수익률 CAGR: 5.61%
수익 월: 9개월
손실 월: 41개월
----------------------------


[MSFT]
위험 판정: 통과
최종 자금: $11308.01
총 수익률: 13.08%
거래 횟수: 16
승리: 4
손실: 12
승률: 25.00%
평균 거래 수익률: 1.15%
최대손실 MDD: -39.69%
최대 연속 손실: 10회
연평균 수익률 CAGR: 2.49%
수익 월: 15개월
손실 월: 35개월
----------------------------


[PRU]
위험 판정: 통과
최종 자금: $10581.08
총 수익률: 5.81%
거래 횟수: 12
승리: 3
손실: 9
승률: 25.00%
평균 거래 수익률: 0.83%
최대손실 MDD: -24.60%
최대 연속 손실: 5회
연평균 수익률 CAGR: 1.14%
수익 월: 13개월
손실 월: 37개월
----------------------------


[F]
위험 판정: 통과
최종 자금: $10580.95
총 수익률: 5.81%
거래 횟수: 12
승리: 4
손실: 8
승률: 33.33%
평균 거래 수익률: 1.33%
최대손실 MDD: -24.23%
최대 연속 손실: 5회
연평균 수익률 CAGR: 1.14%
수익 월: 12개월
손실 월: 38개월
----------------------------


[GM]
위험 판정: 위험 제외 후보
최종 자금: $9550.08
총 수익률: -4.50%
거래 횟수: 21
승리: 6
손실: 15
승률: 28.57%
평균 거래 수익률: 0.26%
최대손실 MDD: -40.05%
최대 연속 손실: 7회
연평균 수익률 CAGR: -0.92%
수익 월: 14개월
손실 월: 36개월
----------------------------


[CVX]
위험 판정: 위험 제외 후보
최종 자금: $6470.10
총 수익률: -35.30%
거래 횟수: 12
승리: 1
손실: 11
승률: 8.33%
평균 거래 수익률: -3.44%
최대손실 MDD: -50.48%
최대 연속 손실: 11회
연평균 수익률 CAGR: -8.34%
수익 월: 12개월
손실 월: 38개월
----------------------------


CSV 저장 완료: backtest_results.csv
Watchlist 저장 완료: watchlist.csv
=== 전체 요약 ===
테스트 종목 수: 9
평균 수익률: 40.17%
평균 승률: 35.14%
평균 최대손실 MDD: -31.88%

[2026-05-20 13:00:10] [실행] Slack 정기 리포트 발송
[2026-05-20 13:00:15] *미국주식 Watchlist 기반 프리마켓 기술 스캐너*


*[F]*
유형: 급등 가능 후보

현재가: 13.06
200일선: 12.33

RSI: 58.29

거래량 배수: 0.64배

기술점수: 70/100

------------------------

Slack 전송 완료

[2026-05-20 13:00:15] === Daily Pipeline 완료 ===
